// Markets
avtoall.ru

// Other
big-bang-theory.click
animego.me
4pda.to
imei.info

// ========== ПОРТАЛЫ, СОЦСЕТИ, ПОИСКОВИКИ ==========
yandex.ru
ya.ru
yandex.by
yandex.kz
mail.ru
vk.com
vkontakte.ru
ok.ru
odnoklassniki.ru
rambler.ru
lenta.ru
gazeta.ru
rbc.ru
ura.news
pikabu.ru
rutube.ru
zen.yandex.ru
dzen.ru
sputnik.ru
nigma.ru
aport.ru
list.ru
lurkmore.co
lurkmore.to
joyreactor.cc
reactor.cc
dtf.ru
vc.ru
habr.com
habr.ru
tjournal.ru
ixbt.com
stopgame.ru
playground.ru
proshkolu.ru
nsportal.ru
liveinternet.ru
uroki.net
gramota.ru
kartaslov.ru
dic.academic.ru
dicipedia.ru
otvet.mail.ru
sravni.ru
banki.ru
irr.ru
auto.ru
avito.ru
youla.ru
cian.ru
domclick.ru
etagi.com
ngs.ru
e1.ru
nn.ru
74.ru
59.ru
164.ru
161.ru

// ========== ВИДЕОСЕРВИСЫ И ОНЛАЙН-КИНОТЕАТРЫ ==========
kinopoisk.ru
okko.tv
okko.ru
ivi.ru
wink.ru
block.wink.ru
one.wink.ru
kion.ru
premier.one
start.ru
more.tv
smotrim.ru
amediateka.ru
tvzavr.ru
megogo.net
tricolor.tv
bi-line.tv

// ========== МУЗЫКА, АУДИО ==========
music.yandex.ru
zvuk.com
soundstream.ru
yappy.ru
looky.ru
zaznanie.ru

// ========== ИГРЫ И КИБЕРСПОРТ ==========
vkplay.ru
playkey.net
games.mail.ru
cyber.sports.ru
gameguru.ru
ag.ru
absolutegames.ru

// ========== ГОСУДАРСТВЕННЫЕ ОРГАНЫ И УСЛУГИ ==========
kremlin.ru
government.ru
gosuslugi.ru
duma.gov.ru
council.gov.ru
genproc.gov.ru
sledcom.ru
mchs.gov.ru
minzdrav.gov.ru
edu.gov.ru
obrnadzor.gov.ru
nalog.gov.ru
customs.gov.ru
rosreestr.gov.ru
rosstat.gov.ru
rkn.gov.ru
fssp.gov.ru
pfr.gov.ru
fss.ru
ffoms.ru
cbr.ru
asnok.ru
zakupki.gov.ru
bus.gov.ru
rezerv.gov.ru
gosweb.gosuslugi.ru
gosoblak.ru
xn--80aafnje3afb0h.xn--p1ai

// ========== БАНКИ И СТРАХОВАНИЕ ==========
sberbank.ru
sbrf.ru
vtb.ru
vtb24.ru
gazprombank.ru
alfabank.ru
rshb.ru
rosbank.ru
mkb.ru
tbank.ru
tinkoff.ru
psbank.ru
sovcombank.ru
raiffeisen.ru
bm.ru
uralsib.ru
open.ru
bankuralsib.ru
rosgosstrah.ru
ingos.ru
sogaz.ru
vsk.ru
alfastrakhovanie.ru
sberinsurance.ru
vtbins.ru

// ========== НОВОСТИ И СМИ ==========
ria.ru
tass.ru
interfax.ru
kommersant.ru
vedomosti.ru
iz.ru
ntv.ru
1tv.ru
vgtrk.ru
rtr-planeta.com
rt.com
rtvi.com
russian.rt.com
rg.ru
kp.ru
mk.ru
newdaynews.ru
news.mail.ru
sport-express.ru
championat.com
sports.ru
eurosport.ru
matchtv.ru

// ========== ПОГОДА, КАРТЫ, ТАКСИ ==========
gismeteo.ru
rp5.ru
yameteo.ru
2gis.ru
yandex.ru/maps
google.ru/maps
taxi.yandex.ru
vezet.ru
city-mobil.ru
rutaxi.ru
maxim.taxi

// ========== ОБРАЗОВАНИЕ И НАУКА ==========
edu.ru
school.edu.ru
resh.edu.ru
uchi.ru
mosobr.tv
uchebnik.mos.ru
fipi.ru
ege.sdamgia.ru
oge.sdamgia.ru
znanierussia.ru
biblioschool.ru
live-st.ru
coursera.org
openedu.ru
lektorium.tv
postnauka.ru
arhe.msk.ru
polit.ru
nplus1.ru
indicator.ru
neuronovosti.ru
bio-molecula.ru
eternalhost.net
cyberleninka.ru
elibrary.ru
dissercat.com

// ========== ИНТЕРНЕТ-МАГАЗИНЫ И ТОРГОВЛЯ ==========
wildberries.ru
ozon.ru
megamarket.ru
goods.ru
beru.ru
dns-shop.ru
citilink.ru
mvideo.ru
eldorado.ru
technopark.ru
onlinetrade.ru
utkonos.ru
sbermegamarket.ru
yandex.market
pokupki.mail.ru
apteka.ru
rigla.ru
epool.ru
exist.ru
miniobuv.ru
grandioshop.ru

// ========== ТОРРЕНТЫ ==========
rutracker.org
rutracker.ru
nnm-club.me
rutor.org
lostfilm.tv
rustorka.net
rustorka.com

// ========== ПОЧТА И ОБЛАКО ==========
disk.yandex.ru
cloud.mail.ru
podkop.ru

// ========== BiP ==========
bip.com
web.bip.com
do.bip.com
link.bip.com
bip.com.tr
bipweb.com
xmpp.bip.com
fts.bip.com

// ========== APPLE PUSH, iCLOUD И СЕРВИСЫ ==========
apple.com
www.apple.com
support.apple.com
itunes.apple.com
apps.apple.com
playgrounds.apple.com
developer.apple.com
swift.org
icloud.com
www.icloud.com
icloud-content.com
setup.icloud.com
ckdatabase.icloud.com
appleid.apple.com
gsa.apple.com
gsp1.apple.com
gsp2.apple.com
gsp3-apple.com
gsp4-apple.com
gsp5-apple.com
gsp6-apple.com
gsp7-apple.com
gsp8-apple.com
gsp9-apple.com
gsp10-apple.com
gsp11-apple.com
gsp12-apple.com
gsp13-apple.com
gsp14-apple.com
gsp15-apple.com
gsp16-apple.com
gsp17-apple.com
gsp18-apple.com
gsp19-apple.com
gsp20-apple.com
gsp21-apple.com
gsp22-apple.com
gsp23-apple.com
gsp24-apple.com
gsp25-apple.com
gsp26-apple.com
gsp27-apple.com
gsp28-apple.com
gsp29-apple.com
gsp30-apple.com
gsp31-apple.com
gsp32-apple.com
gsp33-apple.com
gsp34-apple.com
gsp35-apple.com
gsp36-apple.com
gsp37-apple.com
gsp38-apple.com
gsp39-apple.com
gsp40-apple.com
gsp41-apple.com
gsp42-apple.com
gsp43-apple.com
gsp44-apple.com
gsp45-apple.com
gsp46-apple.com
gsp47-apple.com
gsp48-apple.com
gsp49-apple.com
gsp50-apple.com
gsp51-apple.com
gsp52-apple.com
gsp53-apple.com
gsp54-apple.com
gsp55-apple.com
gsp56-apple.com
gsp57-apple.com
gsp58-apple.com
gsp59-apple.com
gsp60-apple.com
gsp61-apple.com
gsp62-apple.com
gsp63-apple.com
gsp64-apple.com
gsp65-apple.com
gsp66-apple.com
gsp67-apple.com
gsp68-apple.com
gsp69-apple.com
gsp70-apple.com
gsp71-apple.com
gsp72-apple.com
gsp73-apple.com
gsp74-apple.com
gsp75-apple.com
gsp76-apple.com
gsp77-apple.com
gsp78-apple.com
gsp79-apple.com
gsp80-apple.com
gsp81-apple.com
gsp82-apple.com
gsp83-apple.com
gsp84-apple.com
gsp85-apple.com
gsp86-apple.com
gsp87-apple.com
gsp88-apple.com
gsp89-apple.com
gsp90-apple.com
gsp91-apple.com
gsp92-apple.com
gsp93-apple.com
gsp94-apple.com
gsp95-apple.com
gsp96-apple.com
gsp97-apple.com
gsp98-apple.com
gsp99-apple.com
gsp100-apple.com
gateway.push.apple.com
init-p01st.push.apple.com
init-p02st.push.apple.com
init-p03st.push.apple.com
init-p04st.push.apple.com
init-p05st.push.apple.com
1-courier.push.apple.com
2-courier.push.apple.com
3-courier.push.apple.com
4-courier.push.apple.com
5-courier.push.apple.com
6-courier.push.apple.com
7-courier.push.apple.com
8-courier.push.apple.com
9-courier.push.apple.com
10-courier.push.apple.com
11-courier.push.apple.com
12-courier.push.apple.com
13-courier.push.apple.com
14-courier.push.apple.com
15-courier.push.apple.com
16-courier.push.apple.com
17-courier.push.apple.com
18-courier.push.apple.com
19-courier.push.apple.com
20-courier.push.apple.com
21-courier.push.apple.com
22-courier.push.apple.com
23-courier.push.apple.com
24-courier.push.apple.com
25-courier.push.apple.com
26-courier.push.apple.com
27-courier.push.apple.com
28-courier.push.apple.com
29-courier.push.apple.com
30-courier.push.apple.com
31-courier.push.apple.com
32-courier.push.apple.com
33-courier.push.apple.com
34-courier.push.apple.com
35-courier.push.apple.com
36-courier.push.apple.com
37-courier.push.apple.com
38-courier.push.apple.com
39-courier.push.apple.com
40-courier.push.apple.com
41-courier.push.apple.com
42-courier.push.apple.com
43-courier.push.apple.com
44-courier.push.apple.com
45-courier.push.apple.com
46-courier.push.apple.com
47-courier.push.apple.com
48-courier.push.apple.com
49-courier.push.apple.com
50-courier.push.apple.com
aaplimg.com
www.aaplimg.com
apple.com.cn
icloud.com.cn

// ========== ДОПОЛНИТЕЛЬНЫЕ СЕРВИСЫ (АНАЛИТИКА, РЕКЛАМА, ОБЛАКО) ==========
api.mixpanel.com
sdkapi.netmera.com
app-analytics-services.com
firebaselogging-pa.googleapis.com
www.google.com
ts.tracker-api.vk-analytics.ru
alt-aj-https.mail.ru
alt-ad.mail.ru
tracker-api.vk-analytics.ru
rs.mail.ru
gdl.gloryads.ru
ru-cdn.gloryads.ru
m.mradx.net
r.mradx.net
tes.oasisadx.com
openapi.cloud.mail.ru
apf.mail.ru
alt-nostalgia.cloud.mail.ru
alt-oauth.mail.ru
e.mail.ru
alt-thumb.cloud.mail.ru
filin.mail.ru
haru.xmoky.tech
drq1rh7hqb1pa.cloudfront.net
trackes.liftyad.xyz
ad.mail.ru
push-me.mail.ru